Picked up JAVA_TOOL_OPTIONS: -Xmx8g -XX:+UseG1GC -XX:MaxGCPauseMillis=200 -XX:+ExitOnOutOfMemoryError
[INFO] Scanning for projects...
[INFO] 
[INFO] ------------------------< br.com.sebratel:bff >-------------------------
[INFO] Building bff 1.0.2-SNAPSHOT
[INFO]   from pom.xml
[INFO] --------------------------------[ jar ]---------------------------------
[INFO] 
[INFO] --- jacoco:0.8.12:prepare-agent (default) @ bff ---
[INFO] argLine set to -javaagent:/home/israelbarcelos/.m2/repository/org/jacoco/org.jacoco.agent/0.8.12/org.jacoco.agent-0.8.12-runtime.jar=destfile=/home/israelbarcelos/.cline/worktrees/2894e/dev_SpringBoot_APIGateway/target/jacoco.exec
[INFO] 
[INFO] --- resources:3.3.1:resources (default-resources) @ bff ---
[INFO] Copying 3 resources from src/main/resources to target/classes
[INFO] Copying 2 resources from src/main/resources to target/classes
[INFO] 
[INFO] --- compiler:3.13.0:compile (default-compile) @ bff ---
[INFO] Recompiling the module because of changed source code.
[INFO] Compiling 284 source files with javac [debug parameters release 21] to target/classes
[INFO] Annotation processing is enabled because one or more processors were found
  on the class path. A future release of javac may disable annotation processing
  unless at least one processor is specified by name (-processor), or a search
  path is specified (--processor-path, --processor-module-path), or annotation
  processing is enabled explicitly (-proc:only, -proc:full).
  Use -Xlint:-options to suppress this message.
  Use -proc:none to disable annotation processing.
[INFO] /home/israelbarcelos/.cline/worktrees/2894e/dev_SpringBoot_APIGateway/src/main/java/br/com/sebratel/bff/service/WeeklyReportService.java: Some input files use or override a deprecated API.
[INFO] /home/israelbarcelos/.cline/worktrees/2894e/dev_SpringBoot_APIGateway/src/main/java/br/com/sebratel/bff/service/WeeklyReportService.java: Recompile with -Xlint:deprecation for details.
[INFO] -------------------------------------------------------------
[ERROR] COMPILATION ERROR : 
[INFO] -------------------------------------------------------------
[ERROR] /home/israelbarcelos/.cline/worktrees/2894e/dev_SpringBoot_APIGateway/src/main/java/br/com/sebratel/bff/model/entity/dho/DhoOpportunities.java:[66,23] variable candidate is already defined in class br.com.sebratel.bff.model.entity.dho.DhoOpportunities
[ERROR] /home/israelbarcelos/.cline/worktrees/2894e/dev_SpringBoot_APIGateway/src/main/java/br/com/sebratel/bff/aspects/TokenRetryAspect.java:[35,13] cannot find symbol
  symbol:   variable log
  location: class br.com.sebratel.bff.aspects.TokenRetryAspect
[ERROR] /home/israelbarcelos/.cline/worktrees/2894e/dev_SpringBoot_APIGateway/src/main/java/br/com/sebratel/bff/aspects/TokenRetryAspect.java:[43,21] cannot find symbol
  symbol:   variable log
  location: class br.com.sebratel.bff.aspects.TokenRetryAspect
[ERROR] /home/israelbarcelos/.cline/worktrees/2894e/dev_SpringBoot_APIGateway/src/main/java/br/com/sebratel/bff/aspects/TokenRetryAspect.java:[45,25] cannot find symbol
  symbol:   variable log
  location: class br.com.sebratel.bff.aspects.TokenRetryAspect
[ERROR] /home/israelbarcelos/.cline/worktrees/2894e/dev_SpringBoot_APIGateway/src/main/java/br/com/sebratel/bff/service/RecuperarTokenDoUsuarioIntegradorEllevenService.java:[51,21] cannot find symbol
  symbol:   variable log
  location: class br.com.sebratel.bff.service.RecuperarTokenDoUsuarioIntegradorEllevenService
[ERROR] /home/israelbarcelos/.cline/worktrees/2894e/dev_SpringBoot_APIGateway/src/main/java/br/com/sebratel/bff/service/RecuperarTokenDoUsuarioIntegradorEllevenService.java:[58,13] cannot find symbol
  symbol:   variable log
  location: class br.com.sebratel.bff.service.RecuperarTokenDoUsuarioIntegradorEllevenService
[ERROR] /home/israelbarcelos/.cline/worktrees/2894e/dev_SpringBoot_APIGateway/src/main/java/br/com/sebratel/bff/config/SecurityConfig.java:[53,29] cannot find symbol
  symbol:   variable log
  location: class br.com.sebratel.bff.config.SecurityConfig
[ERROR] /home/israelbarcelos/.cline/worktrees/2894e/dev_SpringBoot_APIGateway/src/main/java/br/com/sebratel/bff/controller/AffectedUserController.java:[33,9] cannot find symbol
  symbol:   variable log
  location: class br.com.sebratel.bff.controller.AffectedUserController
[ERROR] /home/israelbarcelos/.cline/worktrees/2894e/dev_SpringBoot_APIGateway/src/main/java/br/com/sebratel/bff/controller/AffectedUserController.java:[37,30] cannot find symbol
  symbol:   method getImpactedUsers()
  location: variable impactedUsers of type br.com.sebratel.bff.dto.massivas.ImpactedUsersOutputDTO
[ERROR] /home/israelbarcelos/.cline/worktrees/2894e/dev_SpringBoot_APIGateway/src/main/java/br/com/sebratel/bff/controller/AffectedUserController.java:[38,17] cannot find symbol
  symbol:   variable log
  location: class br.com.sebratel.bff.controller.AffectedUserController
[ERROR] /home/israelbarcelos/.cline/worktrees/2894e/dev_SpringBoot_APIGateway/src/main/java/br/com/sebratel/bff/controller/AffectedUserController.java:[39,75] cannot find symbol
  symbol:   method <br.com.sebratel.bff.dto.massivas.ImpactedUsersOutputDTO>builder()
  location: class br.com.sebratel.bff.dto.ApiResponse
[ERROR] /home/israelbarcelos/.cline/worktrees/2894e/dev_SpringBoot_APIGateway/src/main/java/br/com/sebratel/bff/controller/AffectedUserController.java:[47,13] cannot find symbol
  symbol:   variable log
  location: class br.com.sebratel.bff.controller.AffectedUserController
[ERROR] /home/israelbarcelos/.cline/worktrees/2894e/dev_SpringBoot_APIGateway/src/main/java/br/com/sebratel/bff/controller/AffectedUserController.java:[47,72] cannot find symbol
  symbol:   method getImpactedUsers()
  location: variable impactedUsers of type br.com.sebratel.bff.dto.massivas.ImpactedUsersOutputDTO
[ERROR] /home/israelbarcelos/.cline/worktrees/2894e/dev_SpringBoot_APIGateway/src/main/java/br/com/sebratel/bff/controller/AffectedUserController.java:[48,71] cannot find symbol
  symbol:   method <br.com.sebratel.bff.dto.massivas.ImpactedUsersOutputDTO>builder()
  location: class br.com.sebratel.bff.dto.ApiResponse
[ERROR] /home/israelbarcelos/.cline/worktrees/2894e/dev_SpringBoot_APIGateway/src/main/java/br/com/sebratel/bff/controller/AffectedUserController.java:[56,13] cannot find symbol
  symbol:   variable log
  location: class br.com.sebratel.bff.controller.AffectedUserController
[ERROR] /home/israelbarcelos/.cline/worktrees/2894e/dev_SpringBoot_APIGateway/src/main/java/br/com/sebratel/bff/controller/AffectedUserController.java:[57,71] cannot find symbol
  symbol:   method <br.com.sebratel.bff.dto.massivas.ImpactedUsersOutputDTO>builder()
  location: class br.com.sebratel.bff.dto.ApiResponse
[ERROR] /home/israelbarcelos/.cline/worktrees/2894e/dev_SpringBoot_APIGateway/src/main/java/br/com/sebratel/bff/controller/AffectedUserController.java:[67,9] cannot find symbol
  symbol:   variable log
  location: class br.com.sebratel.bff.controller.AffectedUserController
[ERROR] /home/israelbarcelos/.cline/worktrees/2894e/dev_SpringBoot_APIGateway/src/main/java/br/com/sebratel/bff/controller/AffectedUserController.java:[70,13] cannot find symbol
  symbol:   variable log
  location: class br.com.sebratel.bff.controller.AffectedUserController
[ERROR] /home/israelbarcelos/.cline/worktrees/2894e/dev_SpringBoot_APIGateway/src/main/java/br/com/sebratel/bff/controller/AffectedUserController.java:[72,71] cannot find symbol
  symbol:   method <br.com.sebratel.bff.dto.massivas.ImpactedUsersOutputDTO>builder()
  location: class br.com.sebratel.bff.dto.ApiResponse
[ERROR] /home/israelbarcelos/.cline/worktrees/2894e/dev_SpringBoot_APIGateway/src/main/java/br/com/sebratel/bff/controller/AffectedUserController.java:[79,13] cannot find symbol
  symbol:   variable log
  location: class br.com.sebratel.bff.controller.AffectedUserController
[ERROR] /home/israelbarcelos/.cline/worktrees/2894e/dev_SpringBoot_APIGateway/src/main/java/br/com/sebratel/bff/controller/AffectedUserController.java:[80,71] cannot find symbol
  symbol:   method <br.com.sebratel.bff.dto.massivas.ImpactedUsersOutputDTO>builder()
  location: class br.com.sebratel.bff.dto.ApiResponse
[ERROR] /home/israelbarcelos/.cline/worktrees/2894e/dev_SpringBoot_APIGateway/src/main/java/br/com/sebratel/bff/controller/AffectedUserController.java:[91,9] cannot find symbol
  symbol:   variable log
  location: class br.com.sebratel.bff.controller.AffectedUserController
[ERROR] /home/israelbarcelos/.cline/worktrees/2894e/dev_SpringBoot_APIGateway/src/main/java/br/com/sebratel/bff/controller/AffectedUserController.java:[95,30] cannot find symbol
  symbol:   method getImpactedUsers()
  location: variable impactedUsers of type br.com.sebratel.bff.dto.massivas.ImpactedUsersOutputDTO
[ERROR] /home/israelbarcelos/.cline/worktrees/2894e/dev_SpringBoot_APIGateway/src/main/java/br/com/sebratel/bff/controller/AffectedUserController.java:[96,17] cannot find symbol
  symbol:   variable log
  location: class br.com.sebratel.bff.controller.AffectedUserController
[ERROR] /home/israelbarcelos/.cline/worktrees/2894e/dev_SpringBoot_APIGateway/src/main/java/br/com/sebratel/bff/controller/AffectedUserController.java:[98,17] cannot find symbol
  symbol:   variable log
  location: class br.com.sebratel.bff.controller.AffectedUserController
[ERROR] /home/israelbarcelos/.cline/worktrees/2894e/dev_SpringBoot_APIGateway/src/main/java/br/com/sebratel/bff/controller/AffectedUserController.java:[98,95] cannot find symbol
  symbol:   method getImpactedUsers()
  location: variable impactedUsers of type br.com.sebratel.bff.dto.massivas.ImpactedUsersOutputDTO
[ERROR] /home/israelbarcelos/.cline/worktrees/2894e/dev_SpringBoot_APIGateway/src/main/java/br/com/sebratel/bff/controller/AffectedUserController.java:[101,71] cannot find symbol
  symbol:   method <br.com.sebratel.bff.dto.massivas.ImpactedUsersOutputDTO>builder()
  location: class br.com.sebratel.bff.dto.ApiResponse
[ERROR] /home/israelbarcelos/.cline/worktrees/2894e/dev_SpringBoot_APIGateway/src/main/java/br/com/sebratel/bff/controller/AffectedUserController.java:[108,13] cannot find symbol
  symbol:   variable log
  location: class br.com.sebratel.bff.controller.AffectedUserController
[ERROR] /home/israelbarcelos/.cline/worktrees/2894e/dev_SpringBoot_APIGateway/src/main/java/br/com/sebratel/bff/controller/AffectedUserController.java:[109,71] cannot find symbol
  symbol:   method <br.com.sebratel.bff.dto.massivas.ImpactedUsersOutputDTO>builder()
  location: class br.com.sebratel.bff.dto.ApiResponse
[ERROR] /home/israelbarcelos/.cline/worktrees/2894e/dev_SpringBoot_APIGateway/src/main/java/br/com/sebratel/bff/controller/AffectedUserController.java:[119,9] cannot find symbol
  symbol:   variable log
  location: class br.com.sebratel.bff.controller.AffectedUserController
[ERROR] /home/israelbarcelos/.cline/worktrees/2894e/dev_SpringBoot_APIGateway/src/main/java/br/com/sebratel/bff/controller/AffectedUserController.java:[123,30] cannot find symbol
  symbol:   method getImpactedUsers()
  location: variable impactedUsers of type br.com.sebratel.bff.dto.massivas.ImpactedUsersOutputDTO
[ERROR] /home/israelbarcelos/.cline/worktrees/2894e/dev_SpringBoot_APIGateway/src/main/java/br/com/sebratel/bff/controller/AffectedUserController.java:[124,17] cannot find symbol
  symbol:   variable log
  location: class br.com.sebratel.bff.controller.AffectedUserController
[ERROR] /home/israelbarcelos/.cline/worktrees/2894e/dev_SpringBoot_APIGateway/src/main/java/br/com/sebratel/bff/controller/AffectedUserController.java:[126,17] cannot find symbol
  symbol:   variable log
  location: class br.com.sebratel.bff.controller.AffectedUserController
[ERROR] /home/israelbarcelos/.cline/worktrees/2894e/dev_SpringBoot_APIGateway/src/main/java/br/com/sebratel/bff/controller/AffectedUserController.java:[126,105] cannot find symbol
  symbol:   method getImpactedUsers()
  location: variable impactedUsers of type br.com.sebratel.bff.dto.massivas.ImpactedUsersOutputDTO
[ERROR] /home/israelbarcelos/.cline/worktrees/2894e/dev_SpringBoot_APIGateway/src/main/java/br/com/sebratel/bff/controller/AffectedUserController.java:[129,71] cannot find symbol
  symbol:   method <br.com.sebratel.bff.dto.massivas.ImpactedUsersOutputDTO>builder()
  location: class br.com.sebratel.bff.dto.ApiResponse
[ERROR] /home/israelbarcelos/.cline/worktrees/2894e/dev_SpringBoot_APIGateway/src/main/java/br/com/sebratel/bff/controller/AffectedUserController.java:[136,13] cannot find symbol
  symbol:   variable log
  location: class br.com.sebratel.bff.controller.AffectedUserController
[ERROR] /home/israelbarcelos/.cline/worktrees/2894e/dev_SpringBoot_APIGateway/src/main/java/br/com/sebratel/bff/controller/AffectedUserController.java:[137,71] cannot find symbol
  symbol:   method <br.com.sebratel.bff.dto.massivas.ImpactedUsersOutputDTO>builder()
  location: class br.com.sebratel.bff.dto.ApiResponse
[ERROR] /home/israelbarcelos/.cline/worktrees/2894e/dev_SpringBoot_APIGateway/src/main/java/br/com/sebratel/bff/controller/AffectedUserController.java:[148,9] cannot find symbol
  symbol:   variable log
  location: class br.com.sebratel.bff.controller.AffectedUserController
[ERROR] /home/israelbarcelos/.cline/worktrees/2894e/dev_SpringBoot_APIGateway/src/main/java/br/com/sebratel/bff/controller/AffectedUserController.java:[152,30] cannot find symbol
  symbol:   method getImpactedUsers()
  location: variable impactedUsers of type br.com.sebratel.bff.dto.massivas.ImpactedUsersOutputDTO
[ERROR] /home/israelbarcelos/.cline/worktrees/2894e/dev_SpringBoot_APIGateway/src/main/java/br/com/sebratel/bff/controller/AffectedUserController.java:[153,17] cannot find symbol
  symbol:   variable log
  location: class br.com.sebratel.bff.controller.AffectedUserController
[ERROR] /home/israelbarcelos/.cline/worktrees/2894e/dev_SpringBoot_APIGateway/src/main/java/br/com/sebratel/bff/controller/AffectedUserController.java:[154,75] cannot find symbol
  symbol:   method <br.com.sebratel.bff.dto.massivas.ImpactedUsersOutputDTO>builder()
  location: class br.com.sebratel.bff.dto.ApiResponse
[ERROR] /home/israelbarcelos/.cline/worktrees/2894e/dev_SpringBoot_APIGateway/src/main/java/br/com/sebratel/bff/controller/AffectedUserController.java:[162,13] cannot find symbol
  symbol:   variable log
  location: class br.com.sebratel.bff.controller.AffectedUserController
[ERROR] /home/israelbarcelos/.cline/worktrees/2894e/dev_SpringBoot_APIGateway/src/main/java/br/com/sebratel/bff/controller/AffectedUserController.java:[162,97] cannot find symbol
  symbol:   method getImpactedUsers()
  location: variable impactedUsers of type br.com.sebratel.bff.dto.massivas.ImpactedUsersOutputDTO
[ERROR] /home/israelbarcelos/.cline/worktrees/2894e/dev_SpringBoot_APIGateway/src/main/java/br/com/sebratel/bff/controller/AffectedUserController.java:[163,71] cannot find symbol
  symbol:   method <br.com.sebratel.bff.dto.massivas.ImpactedUsersOutputDTO>builder()
  location: class br.com.sebratel.bff.dto.ApiResponse
[ERROR] /home/israelbarcelos/.cline/worktrees/2894e/dev_SpringBoot_APIGateway/src/main/java/br/com/sebratel/bff/controller/AffectedUserController.java:[171,13] cannot find symbol
  symbol:   variable log
  location: class br.com.sebratel.bff.controller.AffectedUserController
[ERROR] /home/israelbarcelos/.cline/worktrees/2894e/dev_SpringBoot_APIGateway/src/main/java/br/com/sebratel/bff/controller/AffectedUserController.java:[172,71] cannot find symbol
  symbol:   method <br.com.sebratel.bff.dto.massivas.ImpactedUsersOutputDTO>builder()
  location: class br.com.sebratel.bff.dto.ApiResponse
[ERROR] /home/israelbarcelos/.cline/worktrees/2894e/dev_SpringBoot_APIGateway/src/main/java/br/com/sebratel/bff/controller/AffectedUserController.java:[182,9] cannot find symbol
  symbol:   variable log
  location: class br.com.sebratel.bff.controller.AffectedUserController
[ERROR] /home/israelbarcelos/.cline/worktrees/2894e/dev_SpringBoot_APIGateway/src/main/java/br/com/sebratel/bff/controller/AffectedUserController.java:[186,13] cannot find symbol
  symbol:   variable log
  location: class br.com.sebratel.bff.controller.AffectedUserController
[ERROR] /home/israelbarcelos/.cline/worktrees/2894e/dev_SpringBoot_APIGateway/src/main/java/br/com/sebratel/bff/controller/AffectedUserController.java:[188,55] cannot find symbol
  symbol:   method <java.lang.String>builder()
  location: class br.com.sebratel.bff.dto.ApiResponse
[ERROR] /home/israelbarcelos/.cline/worktrees/2894e/dev_SpringBoot_APIGateway/src/main/java/br/com/sebratel/bff/controller/AffectedUserController.java:[195,13] cannot find symbol
  symbol:   variable log
  location: class br.com.sebratel.bff.controller.AffectedUserController
[ERROR] /home/israelbarcelos/.cline/worktrees/2894e/dev_SpringBoot_APIGateway/src/main/java/br/com/sebratel/bff/controller/AffectedUserController.java:[196,55] cannot find symbol
  symbol:   method <java.lang.String>builder()
  location: class br.com.sebratel.bff.dto.ApiResponse
[ERROR] /home/israelbarcelos/.cline/worktrees/2894e/dev_SpringBoot_APIGateway/src/main/java/br/com/sebratel/bff/controller/AffectedUserController.java:[207,9] cannot find symbol
  symbol:   variable log
  location: class br.com.sebratel.bff.controller.AffectedUserController
[ERROR] /home/israelbarcelos/.cline/worktrees/2894e/dev_SpringBoot_APIGateway/src/main/java/br/com/sebratel/bff/controller/AffectedUserController.java:[210,13] cannot find symbol
  symbol:   variable log
  location: class br.com.sebratel.bff.controller.AffectedUserController
[ERROR] /home/israelbarcelos/.cline/worktrees/2894e/dev_SpringBoot_APIGateway/src/main/java/br/com/sebratel/bff/controller/AffectedUserController.java:[211,71] cannot find symbol
  symbol:   method <br.com.sebratel.bff.dto.massivas.ImpactedUsersOutputDTO>builder()
  location: class br.com.sebratel.bff.dto.ApiResponse
[ERROR] /home/israelbarcelos/.cline/worktrees/2894e/dev_SpringBoot_APIGateway/src/main/java/br/com/sebratel/bff/controller/AffectedUserController.java:[219,13] cannot find symbol
  symbol:   variable log
  location: class br.com.sebratel.bff.controller.AffectedUserController
[ERROR] /home/israelbarcelos/.cline/worktrees/2894e/dev_SpringBoot_APIGateway/src/main/java/br/com/sebratel/bff/controller/AffectedUserController.java:[220,71] cannot find symbol
  symbol:   method <br.com.sebratel.bff.dto.massivas.ImpactedUsersOutputDTO>builder()
  location: class br.com.sebratel.bff.dto.ApiResponse
[ERROR] /home/israelbarcelos/.cline/worktrees/2894e/dev_SpringBoot_APIGateway/src/main/java/br/com/sebratel/bff/controller/AffectedUserController.java:[226,13] cannot find symbol
  symbol:   variable log
  location: class br.com.sebratel.bff.controller.AffectedUserController
[ERROR] /home/israelbarcelos/.cline/worktrees/2894e/dev_SpringBoot_APIGateway/src/main/java/br/com/sebratel/bff/controller/AffectedUserController.java:[227,71] cannot find symbol
  symbol:   method <br.com.sebratel.bff.dto.massivas.ImpactedUsersOutputDTO>builder()
  location: class br.com.sebratel.bff.dto.ApiResponse
[ERROR] /home/israelbarcelos/.cline/worktrees/2894e/dev_SpringBoot_APIGateway/src/main/java/br/com/sebratel/bff/service/AffectedUserService.java:[40,9] cannot find symbol
  symbol:   variable log
  location: class br.com.sebratel.bff.service.AffectedUserService
[ERROR] /home/israelbarcelos/.cline/worktrees/2894e/dev_SpringBoot_APIGateway/src/main/java/br/com/sebratel/bff/service/AffectedUserService.java:[40,65] cannot find symbol
  symbol:   method getUsuarioAfetadoEntities()
  location: variable input of type br.com.sebratel.bff.dto.CreateImpactedUsersInputDTO
[ERROR] /home/israelbarcelos/.cline/worktrees/2894e/dev_SpringBoot_APIGateway/src/main/java/br/com/sebratel/bff/service/AffectedUserService.java:[42,68] cannot find symbol
  symbol:   method getUsuarioAfetadoEntities()
  location: variable input of type br.com.sebratel.bff.dto.CreateImpactedUsersInputDTO
[ERROR] /home/israelbarcelos/.cline/worktrees/2894e/dev_SpringBoot_APIGateway/src/main/java/br/com/sebratel/bff/service/AffectedUserService.java:[53,19] cannot find symbol
  symbol:   method setClientType(employeeSe[...]ORMAL)
  location: variable entity of type br.com.sebratel.bff.model.entity.AffectedUsersEntity
[ERROR] /home/israelbarcelos/.cline/worktrees/2894e/dev_SpringBoot_APIGateway/src/main/java/br/com/sebratel/bff/service/AffectedUserService.java:[64,13] cannot find symbol
  symbol:   variable log
  location: class br.com.sebratel.bff.service.AffectedUserService
[ERROR] /home/israelbarcelos/.cline/worktrees/2894e/dev_SpringBoot_APIGateway/src/main/java/br/com/sebratel/bff/service/AffectedUserService.java:[65,13] cannot find symbol
  symbol:   variable log
  location: class br.com.sebratel.bff.service.AffectedUserService
[ERROR] /home/israelbarcelos/.cline/worktrees/2894e/dev_SpringBoot_APIGateway/src/main/java/br/com/sebratel/bff/service/AffectedUserService.java:[67,21] cannot find symbol
  symbol:   method builder()
  location: class br.com.sebratel.bff.dto.massivas.api.FinalizaRegistroMassivoInputDTO
[ERROR] /home/israelbarcelos/.cline/worktrees/2894e/dev_SpringBoot_APIGateway/src/main/java/br/com/sebratel/bff/service/AffectedUserService.java:[68,40] cannot find symbol
  symbol:   method getAssignmentId()
  location: variable input of type br.com.sebratel.bff.dto.CreateImpactedUsersInputDTO
[ERROR] /home/israelbarcelos/.cline/worktrees/2894e/dev_SpringBoot_APIGateway/src/main/java/br/com/sebratel/bff/service/AffectedUserService.java:[79,9] cannot find symbol
  symbol:   variable log
  location: class br.com.sebratel.bff.service.AffectedUserService
[ERROR] /home/israelbarcelos/.cline/worktrees/2894e/dev_SpringBoot_APIGateway/src/main/java/br/com/sebratel/bff/service/AffectedUserService.java:[84,9] cannot find symbol
  symbol:   variable log
  location: class br.com.sebratel.bff.service.AffectedUserService
[ERROR] /home/israelbarcelos/.cline/worktrees/2894e/dev_SpringBoot_APIGateway/src/main/java/br/com/sebratel/bff/service/AffectedUserService.java:[87,48] cannot find symbol
  symbol:   method getFinishDate()
  location: variable affectedUser of type br.com.sebratel.bff.model.entity.AffectedUsersEntity
[ERROR] /home/israelbarcelos/.cline/worktrees/2894e/dev_SpringBoot_APIGateway/src/main/java/br/com/sebratel/bff/service/AffectedUserService.java:[91,77] cannot find symbol
  symbol:   method builder()
  location: class br.com.sebratel.bff.dto.massivas.ImpactDetailsOutputDTO
[ERROR] /home/israelbarcelos/.cline/worktrees/2894e/dev_SpringBoot_APIGateway/src/main/java/br/com/sebratel/bff/service/AffectedUserService.java:[92,41] cannot find symbol
  symbol:   method getReason()
  location: variable affectedUser of type br.com.sebratel.bff.model.entity.AffectedUsersEntity
[ERROR] /home/israelbarcelos/.cline/worktrees/2894e/dev_SpringBoot_APIGateway/src/main/java/br/com/sebratel/bff/service/AffectedUserService.java:[96,43] cannot find symbol
  symbol:   method getContractId()
  location: variable affectedUser of type br.com.sebratel.bff.model.entity.AffectedUsersEntity
[ERROR] /home/israelbarcelos/.cline/worktrees/2894e/dev_SpringBoot_APIGateway/src/main/java/br/com/sebratel/bff/service/AffectedUserService.java:[100,38] cannot find symbol
  symbol:   method builder()
  location: class br.com.sebratel.bff.dto.massivas.ImpactedUsersOutputDTO
[ERROR] /home/israelbarcelos/.cline/worktrees/2894e/dev_SpringBoot_APIGateway/src/main/java/br/com/sebratel/bff/service/AffectedUserService.java:[106,9] cannot find symbol
  symbol:   variable log
  location: class br.com.sebratel.bff.service.AffectedUserService
[ERROR] /home/israelbarcelos/.cline/worktrees/2894e/dev_SpringBoot_APIGateway/src/main/java/br/com/sebratel/bff/service/AffectedUserService.java:[111,9] cannot find symbol
  symbol:   variable log
  location: class br.com.sebratel.bff.service.AffectedUserService
[ERROR] /home/israelbarcelos/.cline/worktrees/2894e/dev_SpringBoot_APIGateway/src/main/java/br/com/sebratel/bff/service/AffectedUserService.java:[116,9] cannot find symbol
  symbol:   variable log
  location: class br.com.sebratel.bff.service.AffectedUserService
[ERROR] /home/israelbarcelos/.cline/worktrees/2894e/dev_SpringBoot_APIGateway/src/main/java/br/com/sebratel/bff/service/AffectedUserService.java:[118,9] cannot find symbol
  symbol:   variable log
  location: class br.com.sebratel.bff.service.AffectedUserService
[ERROR] /home/israelbarcelos/.cline/worktrees/2894e/dev_SpringBoot_APIGateway/src/main/java/br/com/sebratel/bff/service/AffectedUserService.java:[123,9] cannot find symbol
  symbol:   variable log
  location: class br.com.sebratel.bff.service.AffectedUserService
[ERROR] /home/israelbarcelos/.cline/worktrees/2894e/dev_SpringBoot_APIGateway/src/main/java/br/com/sebratel/bff/service/AffectedUserService.java:[125,9] cannot find symbol
  symbol:   variable log
  location: class br.com.sebratel.bff.service.AffectedUserService
[ERROR] /home/israelbarcelos/.cline/worktrees/2894e/dev_SpringBoot_APIGateway/src/main/java/br/com/sebratel/bff/service/AffectedUserService.java:[130,9] cannot find symbol
  symbol:   variable log
  location: class br.com.sebratel.bff.service.AffectedUserService
[ERROR] /home/israelbarcelos/.cline/worktrees/2894e/dev_SpringBoot_APIGateway/src/main/java/br/com/sebratel/bff/service/AffectedUserService.java:[133,13] cannot find symbol
  symbol:   variable log
  location: class br.com.sebratel.bff.service.AffectedUserService
[ERROR] /home/israelbarcelos/.cline/worktrees/2894e/dev_SpringBoot_APIGateway/src/main/java/br/com/sebratel/bff/service/AffectedUserService.java:[136,9] cannot find symbol
  symbol:   variable log
  location: class br.com.sebratel.bff.service.AffectedUserService
[ERROR] /home/israelbarcelos/.cline/worktrees/2894e/dev_SpringBoot_APIGateway/src/main/java/br/com/sebratel/bff/service/AffectedUserService.java:[138,9] cannot find symbol
  symbol:   variable log
  location: class br.com.sebratel.bff.service.AffectedUserService
[ERROR] /home/israelbarcelos/.cline/worktrees/2894e/dev_SpringBoot_APIGateway/src/main/java/br/com/sebratel/bff/service/AffectedUserService.java:[141,13] cannot find symbol
  symbol:   variable log
  location: class br.com.sebratel.bff.service.AffectedUserService
[ERROR] /home/israelbarcelos/.cline/worktrees/2894e/dev_SpringBoot_APIGateway/src/main/java/br/com/sebratel/bff/service/AffectedUserService.java:[146,9] cannot find symbol
  symbol:   variable log
  location: class br.com.sebratel.bff.service.AffectedUserService
[ERROR] /home/israelbarcelos/.cline/worktrees/2894e/dev_SpringBoot_APIGateway/src/main/java/br/com/sebratel/bff/service/AffectedUserService.java:[148,9] cannot find symbol
  symbol:   variable log
  location: class br.com.sebratel.bff.service.AffectedUserService
[ERROR] /home/israelbarcelos/.cline/worktrees/2894e/dev_SpringBoot_APIGateway/src/main/java/br/com/sebratel/bff/service/massivas/FinalizarMassivaNoEllevenApiService.java:[33,9] cannot find symbol
  symbol:   variable log
  location: class br.com.sebratel.bff.service.massivas.FinalizarMassivaNoEllevenApiService
[ERROR] /home/israelbarcelos/.cline/worktrees/2894e/dev_SpringBoot_APIGateway/src/main/java/br/com/sebratel/bff/service/massivas/FinalizarMassivaNoEllevenApiService.java:[38,9] cannot find symbol
  symbol:   variable log
  location: class br.com.sebratel.bff.service.massivas.FinalizarMassivaNoEllevenApiService
[ERROR] /home/israelbarcelos/.cline/worktrees/2894e/dev_SpringBoot_APIGateway/src/main/java/br/com/sebratel/bff/service/massivas/FinalizarMassivaNoEllevenApiService.java:[40,9] cannot find symbol
  symbol:   variable log
  location: class br.com.sebratel.bff.service.massivas.FinalizarMassivaNoEllevenApiService
[ERROR] /home/israelbarcelos/.cline/worktrees/2894e/dev_SpringBoot_APIGateway/src/main/java/br/com/sebratel/bff/service/massivas/FinalizarMassivaNoEllevenApiService.java:[45,35] cannot find symbol
  symbol:   method getDescription()
  location: variable input of type br.com.sebratel.bff.dto.massivas.api.FinalizaRegistroMassivoInputDTO
[ERROR] /home/israelbarcelos/.cline/worktrees/2894e/dev_SpringBoot_APIGateway/src/main/java/br/com/sebratel/bff/service/EmployeeService.java:[23,9] cannot find symbol
  symbol:   variable log
  location: class br.com.sebratel.bff.service.EmployeeService
[ERROR] /home/israelbarcelos/.cline/worktrees/2894e/dev_SpringBoot_APIGateway/src/main/java/br/com/sebratel/bff/service/massivas/FinishLinkedProtocolsService.java:[35,9] cannot find symbol
  symbol:   variable log
  location: class br.com.sebratel.bff.service.massivas.FinishLinkedProtocolsService
[ERROR] /home/israelbarcelos/.cline/worktrees/2894e/dev_SpringBoot_APIGateway/src/main/java/br/com/sebratel/bff/service/massivas/FinishLinkedProtocolsService.java:[35,96] cannot find symbol
  symbol:   method getAssignmentId()
  location: variable mainInput of type br.com.sebratel.bff.dto.massivas.api.FinalizaRegistroMassivoInputDTO
[ERROR] /home/israelbarcelos/.cline/worktrees/2894e/dev_SpringBoot_APIGateway/src/main/java/br/com/sebratel/bff/service/massivas/FinishLinkedProtocolsService.java:[37,105] cannot find symbol
  symbol:   method getAssignmentId()
  location: variable mainInput of type br.com.sebratel.bff.dto.massivas.api.FinalizaRegistroMassivoInputDTO
[ERROR] /home/israelbarcelos/.cline/worktrees/2894e/dev_SpringBoot_APIGateway/src/main/java/br/com/sebratel/bff/service/massivas/FinishLinkedProtocolsService.java:[38,9] cannot find symbol
  symbol:   variable log
  location: class br.com.sebratel.bff.service.massivas.FinishLinkedProtocolsService
[ERROR] /home/israelbarcelos/.cline/worktrees/2894e/dev_SpringBoot_APIGateway/src/main/java/br/com/sebratel/bff/service/massivas/FinishLinkedProtocolsService.java:[47,13] cannot find symbol
  symbol:   variable log
  location: class br.com.sebratel.bff.service.massivas.FinishLinkedProtocolsService
[ERROR] /home/israelbarcelos/.cline/worktrees/2894e/dev_SpringBoot_APIGateway/src/main/java/br/com/sebratel/bff/service/massivas/FinishLinkedProtocolsService.java:[49,90] cannot find symbol
  symbol:   method builder()
  location: class br.com.sebratel.bff.dto.massivas.api.FinalizaRegistroMassivoInputDTO
[ERROR] /home/israelbarcelos/.cline/worktrees/2894e/dev_SpringBoot_APIGateway/src/main/java/br/com/sebratel/bff/service/massivas/FinishLinkedProtocolsService.java:[51,48] cannot find symbol
  symbol:   method getIncidentStatusId()
  location: variable mainInput of type br.com.sebratel.bff.dto.massivas.api.FinalizaRegistroMassivoInputDTO
[ERROR] /home/israelbarcelos/.cline/worktrees/2894e/dev_SpringBoot_APIGateway/src/main/java/br/com/sebratel/bff/service/massivas/FinishLinkedProtocolsService.java:[52,43] cannot find symbol
  symbol:   method getDescription()
  location: variable mainInput of type br.com.sebratel.bff.dto.massivas.api.FinalizaRegistroMassivoInputDTO
[ERROR] /home/israelbarcelos/.cline/worktrees/2894e/dev_SpringBoot_APIGateway/src/main/java/br/com/sebratel/bff/service/massivas/FinishLinkedProtocolsService.java:[53,40] cannot find symbol
  symbol:   method getProgress()
  location: variable mainInput of type br.com.sebratel.bff.dto.massivas.api.FinalizaRegistroMassivoInputDTO
[INFO] 100 errors 
[INFO] -------------------------------------------------------------
[INFO] ------------------------------------------------------------------------
[INFO] BUILD FAILURE
[INFO] ------------------------------------------------------------------------
[INFO] Total time:  10.874 s
[INFO] Finished at: 2026-04-20T18:17:06-03:00
[INFO] ------------------------------------------------------------------------
[ERROR] Failed to execute goal org.apache.maven.plugins:maven-compiler-plugin:3.13.0:compile (default-compile) on project bff: Compilation failure: Compilation failure: 
[ERROR] /home/israelbarcelos/.cline/worktrees/2894e/dev_SpringBoot_APIGateway/src/main/java/br/com/sebratel/bff/model/entity/dho/DhoOpportunities.java:[66,23] variable candidate is already defined in class br.com.sebratel.bff.model.entity.dho.DhoOpportunities
[ERROR] /home/israelbarcelos/.cline/worktrees/2894e/dev_SpringBoot_APIGateway/src/main/java/br/com/sebratel/bff/aspects/TokenRetryAspect.java:[35,13] cannot find symbol
[ERROR]   symbol:   variable log
[ERROR]   location: class br.com.sebratel.bff.aspects.TokenRetryAspect
[ERROR] /home/israelbarcelos/.cline/worktrees/2894e/dev_SpringBoot_APIGateway/src/main/java/br/com/sebratel/bff/aspects/TokenRetryAspect.java:[43,21] cannot find symbol
[ERROR]   symbol:   variable log
[ERROR]   location: class br.com.sebratel.bff.aspects.TokenRetryAspect
[ERROR] /home/israelbarcelos/.cline/worktrees/2894e/dev_SpringBoot_APIGateway/src/main/java/br/com/sebratel/bff/aspects/TokenRetryAspect.java:[45,25] cannot find symbol
[ERROR]   symbol:   variable log
[ERROR]   location: class br.com.sebratel.bff.aspects.TokenRetryAspect
[ERROR] /home/israelbarcelos/.cline/worktrees/2894e/dev_SpringBoot_APIGateway/src/main/java/br/com/sebratel/bff/service/RecuperarTokenDoUsuarioIntegradorEllevenService.java:[51,21] cannot find symbol
[ERROR]   symbol:   variable log
[ERROR]   location: class br.com.sebratel.bff.service.RecuperarTokenDoUsuarioIntegradorEllevenService
[ERROR] /home/israelbarcelos/.cline/worktrees/2894e/dev_SpringBoot_APIGateway/src/main/java/br/com/sebratel/bff/service/RecuperarTokenDoUsuarioIntegradorEllevenService.java:[58,13] cannot find symbol
[ERROR]   symbol:   variable log
[ERROR]   location: class br.com.sebratel.bff.service.RecuperarTokenDoUsuarioIntegradorEllevenService
[ERROR] /home/israelbarcelos/.cline/worktrees/2894e/dev_SpringBoot_APIGateway/src/main/java/br/com/sebratel/bff/config/SecurityConfig.java:[53,29] cannot find symbol
[ERROR]   symbol:   variable log
[ERROR]   location: class br.com.sebratel.bff.config.SecurityConfig
[ERROR] /home/israelbarcelos/.cline/worktrees/2894e/dev_SpringBoot_APIGateway/src/main/java/br/com/sebratel/bff/controller/AffectedUserController.java:[33,9] cannot find symbol
[ERROR]   symbol:   variable log
[ERROR]   location: class br.com.sebratel.bff.controller.AffectedUserController
[ERROR] /home/israelbarcelos/.cline/worktrees/2894e/dev_SpringBoot_APIGateway/src/main/java/br/com/sebratel/bff/controller/AffectedUserController.java:[37,30] cannot find symbol
[ERROR]   symbol:   method getImpactedUsers()
[ERROR]   location: variable impactedUsers of type br.com.sebratel.bff.dto.massivas.ImpactedUsersOutputDTO
[ERROR] /home/israelbarcelos/.cline/worktrees/2894e/dev_SpringBoot_APIGateway/src/main/java/br/com/sebratel/bff/controller/AffectedUserController.java:[38,17] cannot find symbol
[ERROR]   symbol:   variable log
[ERROR]   location: class br.com.sebratel.bff.controller.AffectedUserController
[ERROR] /home/israelbarcelos/.cline/worktrees/2894e/dev_SpringBoot_APIGateway/src/main/java/br/com/sebratel/bff/controller/AffectedUserController.java:[39,75] cannot find symbol
[ERROR]   symbol:   method <br.com.sebratel.bff.dto.massivas.ImpactedUsersOutputDTO>builder()
[ERROR]   location: class br.com.sebratel.bff.dto.ApiResponse
[ERROR] /home/israelbarcelos/.cline/worktrees/2894e/dev_SpringBoot_APIGateway/src/main/java/br/com/sebratel/bff/controller/AffectedUserController.java:[47,13] cannot find symbol
[ERROR]   symbol:   variable log
[ERROR]   location: class br.com.sebratel.bff.controller.AffectedUserController
[ERROR] /home/israelbarcelos/.cline/worktrees/2894e/dev_SpringBoot_APIGateway/src/main/java/br/com/sebratel/bff/controller/AffectedUserController.java:[47,72] cannot find symbol
[ERROR]   symbol:   method getImpactedUsers()
[ERROR]   location: variable impactedUsers of type br.com.sebratel.bff.dto.massivas.ImpactedUsersOutputDTO
[ERROR] /home/israelbarcelos/.cline/worktrees/2894e/dev_SpringBoot_APIGateway/src/main/java/br/com/sebratel/bff/controller/AffectedUserController.java:[48,71] cannot find symbol
[ERROR]   symbol:   method <br.com.sebratel.bff.dto.massivas.ImpactedUsersOutputDTO>builder()
[ERROR]   location: class br.com.sebratel.bff.dto.ApiResponse
[ERROR] /home/israelbarcelos/.cline/worktrees/2894e/dev_SpringBoot_APIGateway/src/main/java/br/com/sebratel/bff/controller/AffectedUserController.java:[56,13] cannot find symbol
[ERROR]   symbol:   variable log
[ERROR]   location: class br.com.sebratel.bff.controller.AffectedUserController
[ERROR] /home/israelbarcelos/.cline/worktrees/2894e/dev_SpringBoot_APIGateway/src/main/java/br/com/sebratel/bff/controller/AffectedUserController.java:[57,71] cannot find symbol
[ERROR]   symbol:   method <br.com.sebratel.bff.dto.massivas.ImpactedUsersOutputDTO>builder()
[ERROR]   location: class br.com.sebratel.bff.dto.ApiResponse
[ERROR] /home/israelbarcelos/.cline/worktrees/2894e/dev_SpringBoot_APIGateway/src/main/java/br/com/sebratel/bff/controller/AffectedUserController.java:[67,9] cannot find symbol
[ERROR]   symbol:   variable log
[ERROR]   location: class br.com.sebratel.bff.controller.AffectedUserController
[ERROR] /home/israelbarcelos/.cline/worktrees/2894e/dev_SpringBoot_APIGateway/src/main/java/br/com/sebratel/bff/controller/AffectedUserController.java:[70,13] cannot find symbol
[ERROR]   symbol:   variable log
[ERROR]   location: class br.com.sebratel.bff.controller.AffectedUserController
[ERROR] /home/israelbarcelos/.cline/worktrees/2894e/dev_SpringBoot_APIGateway/src/main/java/br/com/sebratel/bff/controller/AffectedUserController.java:[72,71] cannot find symbol
[ERROR]   symbol:   method <br.com.sebratel.bff.dto.massivas.ImpactedUsersOutputDTO>builder()
[ERROR]   location: class br.com.sebratel.bff.dto.ApiResponse
[ERROR] /home/israelbarcelos/.cline/worktrees/2894e/dev_SpringBoot_APIGateway/src/main/java/br/com/sebratel/bff/controller/AffectedUserController.java:[79,13] cannot find symbol
[ERROR]   symbol:   variable log
[ERROR]   location: class br.com.sebratel.bff.controller.AffectedUserController
[ERROR] /home/israelbarcelos/.cline/worktrees/2894e/dev_SpringBoot_APIGateway/src/main/java/br/com/sebratel/bff/controller/AffectedUserController.java:[80,71] cannot find symbol
[ERROR]   symbol:   method <br.com.sebratel.bff.dto.massivas.ImpactedUsersOutputDTO>builder()
[ERROR]   location: class br.com.sebratel.bff.dto.ApiResponse
[ERROR] /home/israelbarcelos/.cline/worktrees/2894e/dev_SpringBoot_APIGateway/src/main/java/br/com/sebratel/bff/controller/AffectedUserController.java:[91,9] cannot find symbol
[ERROR]   symbol:   variable log
[ERROR]   location: class br.com.sebratel.bff.controller.AffectedUserController
[ERROR] /home/israelbarcelos/.cline/worktrees/2894e/dev_SpringBoot_APIGateway/src/main/java/br/com/sebratel/bff/controller/AffectedUserController.java:[95,30] cannot find symbol
[ERROR]   symbol:   method getImpactedUsers()
[ERROR]   location: variable impactedUsers of type br.com.sebratel.bff.dto.massivas.ImpactedUsersOutputDTO
[ERROR] /home/israelbarcelos/.cline/worktrees/2894e/dev_SpringBoot_APIGateway/src/main/java/br/com/sebratel/bff/controller/AffectedUserController.java:[96,17] cannot find symbol
[ERROR]   symbol:   variable log
[ERROR]   location: class br.com.sebratel.bff.controller.AffectedUserController
[ERROR] /home/israelbarcelos/.cline/worktrees/2894e/dev_SpringBoot_APIGateway/src/main/java/br/com/sebratel/bff/controller/AffectedUserController.java:[98,17] cannot find symbol
[ERROR]   symbol:   variable log
[ERROR]   location: class br.com.sebratel.bff.controller.AffectedUserController
[ERROR] /home/israelbarcelos/.cline/worktrees/2894e/dev_SpringBoot_APIGateway/src/main/java/br/com/sebratel/bff/controller/AffectedUserController.java:[98,95] cannot find symbol
[ERROR]   symbol:   method getImpactedUsers()
[ERROR]   location: variable impactedUsers of type br.com.sebratel.bff.dto.massivas.ImpactedUsersOutputDTO
[ERROR] /home/israelbarcelos/.cline/worktrees/2894e/dev_SpringBoot_APIGateway/src/main/java/br/com/sebratel/bff/controller/AffectedUserController.java:[101,71] cannot find symbol
[ERROR]   symbol:   method <br.com.sebratel.bff.dto.massivas.ImpactedUsersOutputDTO>builder()
[ERROR]   location: class br.com.sebratel.bff.dto.ApiResponse
[ERROR] /home/israelbarcelos/.cline/worktrees/2894e/dev_SpringBoot_APIGateway/src/main/java/br/com/sebratel/bff/controller/AffectedUserController.java:[108,13] cannot find symbol
[ERROR]   symbol:   variable log
[ERROR]   location: class br.com.sebratel.bff.controller.AffectedUserController
[ERROR] /home/israelbarcelos/.cline/worktrees/2894e/dev_SpringBoot_APIGateway/src/main/java/br/com/sebratel/bff/controller/AffectedUserController.java:[109,71] cannot find symbol
[ERROR]   symbol:   method <br.com.sebratel.bff.dto.massivas.ImpactedUsersOutputDTO>builder()
[ERROR]   location: class br.com.sebratel.bff.dto.ApiResponse
[ERROR] /home/israelbarcelos/.cline/worktrees/2894e/dev_SpringBoot_APIGateway/src/main/java/br/com/sebratel/bff/controller/AffectedUserController.java:[119,9] cannot find symbol
[ERROR]   symbol:   variable log
[ERROR]   location: class br.com.sebratel.bff.controller.AffectedUserController
[ERROR] /home/israelbarcelos/.cline/worktrees/2894e/dev_SpringBoot_APIGateway/src/main/java/br/com/sebratel/bff/controller/AffectedUserController.java:[123,30] cannot find symbol
[ERROR]   symbol:   method getImpactedUsers()
[ERROR]   location: variable impactedUsers of type br.com.sebratel.bff.dto.massivas.ImpactedUsersOutputDTO
[ERROR] /home/israelbarcelos/.cline/worktrees/2894e/dev_SpringBoot_APIGateway/src/main/java/br/com/sebratel/bff/controller/AffectedUserController.java:[124,17] cannot find symbol
[ERROR]   symbol:   variable log
[ERROR]   location: class br.com.sebratel.bff.controller.AffectedUserController
[ERROR] /home/israelbarcelos/.cline/worktrees/2894e/dev_SpringBoot_APIGateway/src/main/java/br/com/sebratel/bff/controller/AffectedUserController.java:[126,17] cannot find symbol
[ERROR]   symbol:   variable log
[ERROR]   location: class br.com.sebratel.bff.controller.AffectedUserController
[ERROR] /home/israelbarcelos/.cline/worktrees/2894e/dev_SpringBoot_APIGateway/src/main/java/br/com/sebratel/bff/controller/AffectedUserController.java:[126,105] cannot find symbol
[ERROR]   symbol:   method getImpactedUsers()
[ERROR]   location: variable impactedUsers of type br.com.sebratel.bff.dto.massivas.ImpactedUsersOutputDTO
[ERROR] /home/israelbarcelos/.cline/worktrees/2894e/dev_SpringBoot_APIGateway/src/main/java/br/com/sebratel/bff/controller/AffectedUserController.java:[129,71] cannot find symbol
[ERROR]   symbol:   method <br.com.sebratel.bff.dto.massivas.ImpactedUsersOutputDTO>builder()
[ERROR]   location: class br.com.sebratel.bff.dto.ApiResponse
[ERROR] /home/israelbarcelos/.cline/worktrees/2894e/dev_SpringBoot_APIGateway/src/main/java/br/com/sebratel/bff/controller/AffectedUserController.java:[136,13] cannot find symbol
[ERROR]   symbol:   variable log
[ERROR]   location: class br.com.sebratel.bff.controller.AffectedUserController
[ERROR] /home/israelbarcelos/.cline/worktrees/2894e/dev_SpringBoot_APIGateway/src/main/java/br/com/sebratel/bff/controller/AffectedUserController.java:[137,71] cannot find symbol
[ERROR]   symbol:   method <br.com.sebratel.bff.dto.massivas.ImpactedUsersOutputDTO>builder()
[ERROR]   location: class br.com.sebratel.bff.dto.ApiResponse
[ERROR] /home/israelbarcelos/.cline/worktrees/2894e/dev_SpringBoot_APIGateway/src/main/java/br/com/sebratel/bff/controller/AffectedUserController.java:[148,9] cannot find symbol
[ERROR]   symbol:   variable log
[ERROR]   location: class br.com.sebratel.bff.controller.AffectedUserController
[ERROR] /home/israelbarcelos/.cline/worktrees/2894e/dev_SpringBoot_APIGateway/src/main/java/br/com/sebratel/bff/controller/AffectedUserController.java:[152,30] cannot find symbol
[ERROR]   symbol:   method getImpactedUsers()
[ERROR]   location: variable impactedUsers of type br.com.sebratel.bff.dto.massivas.ImpactedUsersOutputDTO
[ERROR] /home/israelbarcelos/.cline/worktrees/2894e/dev_SpringBoot_APIGateway/src/main/java/br/com/sebratel/bff/controller/AffectedUserController.java:[153,17] cannot find symbol
[ERROR]   symbol:   variable log
[ERROR]   location: class br.com.sebratel.bff.controller.AffectedUserController
[ERROR] /home/israelbarcelos/.cline/worktrees/2894e/dev_SpringBoot_APIGateway/src/main/java/br/com/sebratel/bff/controller/AffectedUserController.java:[154,75] cannot find symbol
[ERROR]   symbol:   method <br.com.sebratel.bff.dto.massivas.ImpactedUsersOutputDTO>builder()
[ERROR]   location: class br.com.sebratel.bff.dto.ApiResponse
[ERROR] /home/israelbarcelos/.cline/worktrees/2894e/dev_SpringBoot_APIGateway/src/main/java/br/com/sebratel/bff/controller/AffectedUserController.java:[162,13] cannot find symbol
[ERROR]   symbol:   variable log
[ERROR]   location: class br.com.sebratel.bff.controller.AffectedUserController
[ERROR] /home/israelbarcelos/.cline/worktrees/2894e/dev_SpringBoot_APIGateway/src/main/java/br/com/sebratel/bff/controller/AffectedUserController.java:[162,97] cannot find symbol
[ERROR]   symbol:   method getImpactedUsers()
[ERROR]   location: variable impactedUsers of type br.com.sebratel.bff.dto.massivas.ImpactedUsersOutputDTO
[ERROR] /home/israelbarcelos/.cline/worktrees/2894e/dev_SpringBoot_APIGateway/src/main/java/br/com/sebratel/bff/controller/AffectedUserController.java:[163,71] cannot find symbol
[ERROR]   symbol:   method <br.com.sebratel.bff.dto.massivas.ImpactedUsersOutputDTO>builder()
[ERROR]   location: class br.com.sebratel.bff.dto.ApiResponse
[ERROR] /home/israelbarcelos/.cline/worktrees/2894e/dev_SpringBoot_APIGateway/src/main/java/br/com/sebratel/bff/controller/AffectedUserController.java:[171,13] cannot find symbol
[ERROR]   symbol:   variable log
[ERROR]   location: class br.com.sebratel.bff.controller.AffectedUserController
[ERROR] /home/israelbarcelos/.cline/worktrees/2894e/dev_SpringBoot_APIGateway/src/main/java/br/com/sebratel/bff/controller/AffectedUserController.java:[172,71] cannot find symbol
[ERROR]   symbol:   method <br.com.sebratel.bff.dto.massivas.ImpactedUsersOutputDTO>builder()
[ERROR]   location: class br.com.sebratel.bff.dto.ApiResponse
[ERROR] /home/israelbarcelos/.cline/worktrees/2894e/dev_SpringBoot_APIGateway/src/main/java/br/com/sebratel/bff/controller/AffectedUserController.java:[182,9] cannot find symbol
[ERROR]   symbol:   variable log
[ERROR]   location: class br.com.sebratel.bff.controller.AffectedUserController
[ERROR] /home/israelbarcelos/.cline/worktrees/2894e/dev_SpringBoot_APIGateway/src/main/java/br/com/sebratel/bff/controller/AffectedUserController.java:[186,13] cannot find symbol
[ERROR]   symbol:   variable log
[ERROR]   location: class br.com.sebratel.bff.controller.AffectedUserController
[ERROR] /home/israelbarcelos/.cline/worktrees/2894e/dev_SpringBoot_APIGateway/src/main/java/br/com/sebratel/bff/controller/AffectedUserController.java:[188,55] cannot find symbol
[ERROR]   symbol:   method <java.lang.String>builder()
[ERROR]   location: class br.com.sebratel.bff.dto.ApiResponse
[ERROR] /home/israelbarcelos/.cline/worktrees/2894e/dev_SpringBoot_APIGateway/src/main/java/br/com/sebratel/bff/controller/AffectedUserController.java:[195,13] cannot find symbol
[ERROR]   symbol:   variable log
[ERROR]   location: class br.com.sebratel.bff.controller.AffectedUserController
[ERROR] /home/israelbarcelos/.cline/worktrees/2894e/dev_SpringBoot_APIGateway/src/main/java/br/com/sebratel/bff/controller/AffectedUserController.java:[196,55] cannot find symbol
[ERROR]   symbol:   method <java.lang.String>builder()
[ERROR]   location: class br.com.sebratel.bff.dto.ApiResponse
[ERROR] /home/israelbarcelos/.cline/worktrees/2894e/dev_SpringBoot_APIGateway/src/main/java/br/com/sebratel/bff/controller/AffectedUserController.java:[207,9] cannot find symbol
[ERROR]   symbol:   variable log
[ERROR]   location: class br.com.sebratel.bff.controller.AffectedUserController
[ERROR] /home/israelbarcelos/.cline/worktrees/2894e/dev_SpringBoot_APIGateway/src/main/java/br/com/sebratel/bff/controller/AffectedUserController.java:[210,13] cannot find symbol
[ERROR]   symbol:   variable log
[ERROR]   location: class br.com.sebratel.bff.controller.AffectedUserController
[ERROR] /home/israelbarcelos/.cline/worktrees/2894e/dev_SpringBoot_APIGateway/src/main/java/br/com/sebratel/bff/controller/AffectedUserController.java:[211,71] cannot find symbol
[ERROR]   symbol:   method <br.com.sebratel.bff.dto.massivas.ImpactedUsersOutputDTO>builder()
[ERROR]   location: class br.com.sebratel.bff.dto.ApiResponse
[ERROR] /home/israelbarcelos/.cline/worktrees/2894e/dev_SpringBoot_APIGateway/src/main/java/br/com/sebratel/bff/controller/AffectedUserController.java:[219,13] cannot find symbol
[ERROR]   symbol:   variable log
[ERROR]   location: class br.com.sebratel.bff.controller.AffectedUserController
[ERROR] /home/israelbarcelos/.cline/worktrees/2894e/dev_SpringBoot_APIGateway/src/main/java/br/com/sebratel/bff/controller/AffectedUserController.java:[220,71] cannot find symbol
[ERROR]   symbol:   method <br.com.sebratel.bff.dto.massivas.ImpactedUsersOutputDTO>builder()
[ERROR]   location: class br.com.sebratel.bff.dto.ApiResponse
[ERROR] /home/israelbarcelos/.cline/worktrees/2894e/dev_SpringBoot_APIGateway/src/main/java/br/com/sebratel/bff/controller/AffectedUserController.java:[226,13] cannot find symbol
[ERROR]   symbol:   variable log
[ERROR]   location: class br.com.sebratel.bff.controller.AffectedUserController
[ERROR] /home/israelbarcelos/.cline/worktrees/2894e/dev_SpringBoot_APIGateway/src/main/java/br/com/sebratel/bff/controller/AffectedUserController.java:[227,71] cannot find symbol
[ERROR]   symbol:   method <br.com.sebratel.bff.dto.massivas.ImpactedUsersOutputDTO>builder()
[ERROR]   location: class br.com.sebratel.bff.dto.ApiResponse
[ERROR] /home/israelbarcelos/.cline/worktrees/2894e/dev_SpringBoot_APIGateway/src/main/java/br/com/sebratel/bff/service/AffectedUserService.java:[40,9] cannot find symbol
[ERROR]   symbol:   variable log
[ERROR]   location: class br.com.sebratel.bff.service.AffectedUserService
[ERROR] /home/israelbarcelos/.cline/worktrees/2894e/dev_SpringBoot_APIGateway/src/main/java/br/com/sebratel/bff/service/AffectedUserService.java:[40,65] cannot find symbol
[ERROR]   symbol:   method getUsuarioAfetadoEntities()
[ERROR]   location: variable input of type br.com.sebratel.bff.dto.CreateImpactedUsersInputDTO
[ERROR] /home/israelbarcelos/.cline/worktrees/2894e/dev_SpringBoot_APIGateway/src/main/java/br/com/sebratel/bff/service/AffectedUserService.java:[42,68] cannot find symbol
[ERROR]   symbol:   method getUsuarioAfetadoEntities()
[ERROR]   location: variable input of type br.com.sebratel.bff.dto.CreateImpactedUsersInputDTO
[ERROR] /home/israelbarcelos/.cline/worktrees/2894e/dev_SpringBoot_APIGateway/src/main/java/br/com/sebratel/bff/service/AffectedUserService.java:[53,19] cannot find symbol
[ERROR]   symbol:   method setClientType(employeeSe[...]ORMAL)
[ERROR]   location: variable entity of type br.com.sebratel.bff.model.entity.AffectedUsersEntity
[ERROR] /home/israelbarcelos/.cline/worktrees/2894e/dev_SpringBoot_APIGateway/src/main/java/br/com/sebratel/bff/service/AffectedUserService.java:[64,13] cannot find symbol
[ERROR]   symbol:   variable log
[ERROR]   location: class br.com.sebratel.bff.service.AffectedUserService
[ERROR] /home/israelbarcelos/.cline/worktrees/2894e/dev_SpringBoot_APIGateway/src/main/java/br/com/sebratel/bff/service/AffectedUserService.java:[65,13] cannot find symbol
[ERROR]   symbol:   variable log
[ERROR]   location: class br.com.sebratel.bff.service.AffectedUserService
[ERROR] /home/israelbarcelos/.cline/worktrees/2894e/dev_SpringBoot_APIGateway/src/main/java/br/com/sebratel/bff/service/AffectedUserService.java:[67,21] cannot find symbol
[ERROR]   symbol:   method builder()
[ERROR]   location: class br.com.sebratel.bff.dto.massivas.api.FinalizaRegistroMassivoInputDTO
[ERROR] /home/israelbarcelos/.cline/worktrees/2894e/dev_SpringBoot_APIGateway/src/main/java/br/com/sebratel/bff/service/AffectedUserService.java:[68,40] cannot find symbol
[ERROR]   symbol:   method getAssignmentId()
[ERROR]   location: variable input of type br.com.sebratel.bff.dto.CreateImpactedUsersInputDTO
[ERROR] /home/israelbarcelos/.cline/worktrees/2894e/dev_SpringBoot_APIGateway/src/main/java/br/com/sebratel/bff/service/AffectedUserService.java:[79,9] cannot find symbol
[ERROR]   symbol:   variable log
[ERROR]   location: class br.com.sebratel.bff.service.AffectedUserService
[ERROR] /home/israelbarcelos/.cline/worktrees/2894e/dev_SpringBoot_APIGateway/src/main/java/br/com/sebratel/bff/service/AffectedUserService.java:[84,9] cannot find symbol
[ERROR]   symbol:   variable log
[ERROR]   location: class br.com.sebratel.bff.service.AffectedUserService
[ERROR] /home/israelbarcelos/.cline/worktrees/2894e/dev_SpringBoot_APIGateway/src/main/java/br/com/sebratel/bff/service/AffectedUserService.java:[87,48] cannot find symbol
[ERROR]   symbol:   method getFinishDate()
[ERROR]   location: variable affectedUser of type br.com.sebratel.bff.model.entity.AffectedUsersEntity
[ERROR] /home/israelbarcelos/.cline/worktrees/2894e/dev_SpringBoot_APIGateway/src/main/java/br/com/sebratel/bff/service/AffectedUserService.java:[91,77] cannot find symbol
[ERROR]   symbol:   method builder()
[ERROR]   location: class br.com.sebratel.bff.dto.massivas.ImpactDetailsOutputDTO
[ERROR] /home/israelbarcelos/.cline/worktrees/2894e/dev_SpringBoot_APIGateway/src/main/java/br/com/sebratel/bff/service/AffectedUserService.java:[92,41] cannot find symbol
[ERROR]   symbol:   method getReason()
[ERROR]   location: variable affectedUser of type br.com.sebratel.bff.model.entity.AffectedUsersEntity
[ERROR] /home/israelbarcelos/.cline/worktrees/2894e/dev_SpringBoot_APIGateway/src/main/java/br/com/sebratel/bff/service/AffectedUserService.java:[96,43] cannot find symbol
[ERROR]   symbol:   method getContractId()
[ERROR]   location: variable affectedUser of type br.com.sebratel.bff.model.entity.AffectedUsersEntity
[ERROR] /home/israelbarcelos/.cline/worktrees/2894e/dev_SpringBoot_APIGateway/src/main/java/br/com/sebratel/bff/service/AffectedUserService.java:[100,38] cannot find symbol
[ERROR]   symbol:   method builder()
[ERROR]   location: class br.com.sebratel.bff.dto.massivas.ImpactedUsersOutputDTO
[ERROR] /home/israelbarcelos/.cline/worktrees/2894e/dev_SpringBoot_APIGateway/src/main/java/br/com/sebratel/bff/service/AffectedUserService.java:[106,9] cannot find symbol
[ERROR]   symbol:   variable log
[ERROR]   location: class br.com.sebratel.bff.service.AffectedUserService
[ERROR] /home/israelbarcelos/.cline/worktrees/2894e/dev_SpringBoot_APIGateway/src/main/java/br/com/sebratel/bff/service/AffectedUserService.java:[111,9] cannot find symbol
[ERROR]   symbol:   variable log
[ERROR]   location: class br.com.sebratel.bff.service.AffectedUserService
[ERROR] /home/israelbarcelos/.cline/worktrees/2894e/dev_SpringBoot_APIGateway/src/main/java/br/com/sebratel/bff/service/AffectedUserService.java:[116,9] cannot find symbol
[ERROR]   symbol:   variable log
[ERROR]   location: class br.com.sebratel.bff.service.AffectedUserService
[ERROR] /home/israelbarcelos/.cline/worktrees/2894e/dev_SpringBoot_APIGateway/src/main/java/br/com/sebratel/bff/service/AffectedUserService.java:[118,9] cannot find symbol
[ERROR]   symbol:   variable log
[ERROR]   location: class br.com.sebratel.bff.service.AffectedUserService
[ERROR] /home/israelbarcelos/.cline/worktrees/2894e/dev_SpringBoot_APIGateway/src/main/java/br/com/sebratel/bff/service/AffectedUserService.java:[123,9] cannot find symbol
[ERROR]   symbol:   variable log
[ERROR]   location: class br.com.sebratel.bff.service.AffectedUserService
[ERROR] /home/israelbarcelos/.cline/worktrees/2894e/dev_SpringBoot_APIGateway/src/main/java/br/com/sebratel/bff/service/AffectedUserService.java:[125,9] cannot find symbol
[ERROR]   symbol:   variable log
[ERROR]   location: class br.com.sebratel.bff.service.AffectedUserService
[ERROR] /home/israelbarcelos/.cline/worktrees/2894e/dev_SpringBoot_APIGateway/src/main/java/br/com/sebratel/bff/service/AffectedUserService.java:[130,9] cannot find symbol
[ERROR]   symbol:   variable log
[ERROR]   location: class br.com.sebratel.bff.service.AffectedUserService
[ERROR] /home/israelbarcelos/.cline/worktrees/2894e/dev_SpringBoot_APIGateway/src/main/java/br/com/sebratel/bff/service/AffectedUserService.java:[133,13] cannot find symbol
[ERROR]   symbol:   variable log
[ERROR]   location: class br.com.sebratel.bff.service.AffectedUserService
[ERROR] /home/israelbarcelos/.cline/worktrees/2894e/dev_SpringBoot_APIGateway/src/main/java/br/com/sebratel/bff/service/AffectedUserService.java:[136,9] cannot find symbol
[ERROR]   symbol:   variable log
[ERROR]   location: class br.com.sebratel.bff.service.AffectedUserService
[ERROR] /home/israelbarcelos/.cline/worktrees/2894e/dev_SpringBoot_APIGateway/src/main/java/br/com/sebratel/bff/service/AffectedUserService.java:[138,9] cannot find symbol
[ERROR]   symbol:   variable log
[ERROR]   location: class br.com.sebratel.bff.service.AffectedUserService
[ERROR] /home/israelbarcelos/.cline/worktrees/2894e/dev_SpringBoot_APIGateway/src/main/java/br/com/sebratel/bff/service/AffectedUserService.java:[141,13] cannot find symbol
[ERROR]   symbol:   variable log
[ERROR]   location: class br.com.sebratel.bff.service.AffectedUserService
[ERROR] /home/israelbarcelos/.cline/worktrees/2894e/dev_SpringBoot_APIGateway/src/main/java/br/com/sebratel/bff/service/AffectedUserService.java:[146,9] cannot find symbol
[ERROR]   symbol:   variable log
[ERROR]   location: class br.com.sebratel.bff.service.AffectedUserService
[ERROR] /home/israelbarcelos/.cline/worktrees/2894e/dev_SpringBoot_APIGateway/src/main/java/br/com/sebratel/bff/service/AffectedUserService.java:[148,9] cannot find symbol
[ERROR]   symbol:   variable log
[ERROR]   location: class br.com.sebratel.bff.service.AffectedUserService
[ERROR] /home/israelbarcelos/.cline/worktrees/2894e/dev_SpringBoot_APIGateway/src/main/java/br/com/sebratel/bff/service/massivas/FinalizarMassivaNoEllevenApiService.java:[33,9] cannot find symbol
[ERROR]   symbol:   variable log
[ERROR]   location: class br.com.sebratel.bff.service.massivas.FinalizarMassivaNoEllevenApiService
[ERROR] /home/israelbarcelos/.cline/worktrees/2894e/dev_SpringBoot_APIGateway/src/main/java/br/com/sebratel/bff/service/massivas/FinalizarMassivaNoEllevenApiService.java:[38,9] cannot find symbol
[ERROR]   symbol:   variable log
[ERROR]   location: class br.com.sebratel.bff.service.massivas.FinalizarMassivaNoEllevenApiService
[ERROR] /home/israelbarcelos/.cline/worktrees/2894e/dev_SpringBoot_APIGateway/src/main/java/br/com/sebratel/bff/service/massivas/FinalizarMassivaNoEllevenApiService.java:[40,9] cannot find symbol
[ERROR]   symbol:   variable log
[ERROR]   location: class br.com.sebratel.bff.service.massivas.FinalizarMassivaNoEllevenApiService
[ERROR] /home/israelbarcelos/.cline/worktrees/2894e/dev_SpringBoot_APIGateway/src/main/java/br/com/sebratel/bff/service/massivas/FinalizarMassivaNoEllevenApiService.java:[45,35] cannot find symbol
[ERROR]   symbol:   method getDescription()
[ERROR]   location: variable input of type br.com.sebratel.bff.dto.massivas.api.FinalizaRegistroMassivoInputDTO
[ERROR] /home/israelbarcelos/.cline/worktrees/2894e/dev_SpringBoot_APIGateway/src/main/java/br/com/sebratel/bff/service/EmployeeService.java:[23,9] cannot find symbol
[ERROR]   symbol:   variable log
[ERROR]   location: class br.com.sebratel.bff.service.EmployeeService
[ERROR] /home/israelbarcelos/.cline/worktrees/2894e/dev_SpringBoot_APIGateway/src/main/java/br/com/sebratel/bff/service/massivas/FinishLinkedProtocolsService.java:[35,9] cannot find symbol
[ERROR]   symbol:   variable log
[ERROR]   location: class br.com.sebratel.bff.service.massivas.FinishLinkedProtocolsService
[ERROR] /home/israelbarcelos/.cline/worktrees/2894e/dev_SpringBoot_APIGateway/src/main/java/br/com/sebratel/bff/service/massivas/FinishLinkedProtocolsService.java:[35,96] cannot find symbol
[ERROR]   symbol:   method getAssignmentId()
[ERROR]   location: variable mainInput of type br.com.sebratel.bff.dto.massivas.api.FinalizaRegistroMassivoInputDTO
[ERROR] /home/israelbarcelos/.cline/worktrees/2894e/dev_SpringBoot_APIGateway/src/main/java/br/com/sebratel/bff/service/massivas/FinishLinkedProtocolsService.java:[37,105] cannot find symbol
[ERROR]   symbol:   method getAssignmentId()
[ERROR]   location: variable mainInput of type br.com.sebratel.bff.dto.massivas.api.FinalizaRegistroMassivoInputDTO
[ERROR] /home/israelbarcelos/.cline/worktrees/2894e/dev_SpringBoot_APIGateway/src/main/java/br/com/sebratel/bff/service/massivas/FinishLinkedProtocolsService.java:[38,9] cannot find symbol
[ERROR]   symbol:   variable log
[ERROR]   location: class br.com.sebratel.bff.service.massivas.FinishLinkedProtocolsService
[ERROR] /home/israelbarcelos/.cline/worktrees/2894e/dev_SpringBoot_APIGateway/src/main/java/br/com/sebratel/bff/service/massivas/FinishLinkedProtocolsService.java:[47,13] cannot find symbol
[ERROR]   symbol:   variable log
[ERROR]   location: class br.com.sebratel.bff.service.massivas.FinishLinkedProtocolsService
[ERROR] /home/israelbarcelos/.cline/worktrees/2894e/dev_SpringBoot_APIGateway/src/main/java/br/com/sebratel/bff/service/massivas/FinishLinkedProtocolsService.java:[49,90] cannot find symbol
[ERROR]   symbol:   method builder()
[ERROR]   location: class br.com.sebratel.bff.dto.massivas.api.FinalizaRegistroMassivoInputDTO
[ERROR] /home/israelbarcelos/.cline/worktrees/2894e/dev_SpringBoot_APIGateway/src/main/java/br/com/sebratel/bff/service/massivas/FinishLinkedProtocolsService.java:[51,48] cannot find symbol
[ERROR]   symbol:   method getIncidentStatusId()
[ERROR]   location: variable mainInput of type br.com.sebratel.bff.dto.massivas.api.FinalizaRegistroMassivoInputDTO
[ERROR] /home/israelbarcelos/.cline/worktrees/2894e/dev_SpringBoot_APIGateway/src/main/java/br/com/sebratel/bff/service/massivas/FinishLinkedProtocolsService.java:[52,43] cannot find symbol
[ERROR]   symbol:   method getDescription()
[ERROR]   location: variable mainInput of type br.com.sebratel.bff.dto.massivas.api.FinalizaRegistroMassivoInputDTO
[ERROR] /home/israelbarcelos/.cline/worktrees/2894e/dev_SpringBoot_APIGateway/src/main/java/br/com/sebratel/bff/service/massivas/FinishLinkedProtocolsService.java:[53,40] cannot find symbol
[ERROR]   symbol:   method getProgress()
[ERROR]   location: variable mainInput of type br.com.sebratel.bff.dto.massivas.api.FinalizaRegistroMassivoInputDTO
[ERROR] -> [Help 1]
[ERROR] 
[ERROR] To see the full stack trace of the errors, re-run Maven with the -e switch.
[ERROR] Re-run Maven using the -X switch to enable full debug logging.
[ERROR] 
[ERROR] For more information about the errors and possible solutions, please read the following articles:
[ERROR] [Help 1] http://cwiki.apache.org/confluence/display/MAVEN/MojoFailureException
