[INFO] Scanning for projects...
[INFO] 
[INFO] ------------------------< br.com.sebratel:bff >-------------------------
[INFO] Building bff 1.0.2-SNAPSHOT
[INFO]   from pom.xml
[INFO] --------------------------------[ jar ]---------------------------------
[INFO] 
[INFO] --- jacoco:0.8.12:prepare-agent (default) @ bff ---
[INFO] argLine set to -javaagent:/home/israelbarcelos/.m2/repository/org/jacoco/org.jacoco.agent/0.8.12/org.jacoco.agent-0.8.12-runtime.jar=destfile=/home/israelbarcelos/.cline/worktrees/9942d/dev_SpringBoot_APIGateway/target/jacoco.exec
[INFO] 
[INFO] --- resources:3.3.1:resources (default-resources) @ bff ---
[INFO] ------------------------------------------------------------------------
[INFO] BUILD FAILURE
[INFO] ------------------------------------------------------------------------
[INFO] Total time:  1.286 s
[INFO] Finished at: 2026-05-07T17:54:53-03:00
[INFO] ------------------------------------------------------------------------
[ERROR] Failed to execute goal org.apache.maven.plugins:maven-resources-plugin:3.3.1:resources (default-resources) on project bff: Cannot create resource output directory: /home/israelbarcelos/.cline/worktrees/9942d/dev_SpringBoot_APIGateway/target/classes -> [Help 1]
[ERROR] 
[ERROR] To see the full stack trace of the errors, re-run Maven with the -e switch.
[ERROR] Re-run Maven using the -X switch to enable full debug logging.
[ERROR] 
[ERROR] For more information about the errors and possible solutions, please read the following articles:
[ERROR] [Help 1] http://cwiki.apache.org/confluence/display/MAVEN/MojoExecutionException
