Picked up JAVA_TOOL_OPTIONS: -Xmx8g -XX:+UseG1GC -XX:MaxGCPauseMillis=200 -XX:+ExitOnOutOfMemoryError
[INFO] Scanning for projects...
[INFO] 
[INFO] ------------------------< br.com.sebratel:bff >-------------------------
[INFO] Building bff 1.0.2-SNAPSHOT
[INFO]   from pom.xml
[INFO] --------------------------------[ jar ]---------------------------------
[INFO] 
[INFO] --- jacoco:0.8.12:prepare-agent (default) @ bff ---
[INFO] argLine set to -javaagent:/home/israelbarcelos/.m2/repository/org/jacoco/org.jacoco.agent/0.8.12/org.jacoco.agent-0.8.12-runtime.jar=destfile=/home/israelbarcelos/.cline/worktrees/2aa9a/dev_SpringBoot_APIGateway/target/jacoco.exec
[INFO] 
[INFO] --- resources:3.3.1:resources (default-resources) @ bff ---
[INFO] Copying 3 resources from src/main/resources to target/classes
[INFO] Copying 2 resources from src/main/resources to target/classes
[INFO] 
[INFO] --- compiler:3.13.0:compile (default-compile) @ bff ---
[INFO] Nothing to compile - all classes are up to date.
[INFO] 
[INFO] --- resources:3.3.1:testResources (default-testResources) @ bff ---
[INFO] Copying 27 resources from src/test/resources to target/test-classes
[INFO] 
[INFO] --- compiler:3.13.0:testCompile (default-testCompile) @ bff ---
[INFO] Recompiling the module because of changed source code.
[INFO] Compiling 106 source files with javac [debug parameters release 21] to target/test-classes
[INFO] Annotation processing is enabled because one or more processors were found
  on the class path. A future release of javac may disable annotation processing
  unless at least one processor is specified by name (-processor), or a search
  path is specified (--processor-path, --processor-module-path), or annotation
  processing is enabled explicitly (-proc:only, -proc:full).
  Use -Xlint:-options to suppress this message.
  Use -proc:none to disable annotation processing.
[INFO] /home/israelbarcelos/.cline/worktrees/2aa9a/dev_SpringBoot_APIGateway/src/test/java/br/com/sebratel/bff/service/AffectedUserServiceTest.java: Some input files use unchecked or unsafe operations.
[INFO] /home/israelbarcelos/.cline/worktrees/2aa9a/dev_SpringBoot_APIGateway/src/test/java/br/com/sebratel/bff/service/AffectedUserServiceTest.java: Recompile with -Xlint:unchecked for details.
[INFO] 
[INFO] --- surefire:3.2.5:test (default-test) @ bff ---
[INFO] Using auto detected provider org.apache.maven.surefire.junitplatform.JUnitPlatformProvider
[INFO] 
[INFO] -------------------------------------------------------
[INFO]  T E S T S
[INFO] -------------------------------------------------------
Picked up JAVA_TOOL_OPTIONS: -Xmx8g -XX:+UseG1GC -XX:MaxGCPauseMillis=200 -XX:+ExitOnOutOfMemoryError
[INFO] Running br.com.sebratel.bff.controller.dho.DhoIntegrationTest
17:57:49.731 [main] INFO org.springframework.test.context.support.AnnotationConfigContextLoaderUtils -- Could not detect default configuration classes for test class [br.com.sebratel.bff.controller.dho.DhoIntegrationTest]: DhoIntegrationTest does not declare any static, non-private, non-final, nested classes annotated with @Configuration.
17:57:51.053 [main] INFO org.springframework.boot.test.context.SpringBootTestContextBootstrapper -- Found @SpringBootConfiguration br.com.sebratel.bff.BffApplication for test class br.com.sebratel.bff.controller.dho.DhoIntegrationTest
17:57:51.618 [main] INFO org.springframework.boot.devtools.restart.RestartApplicationListener -- Restart disabled due to context in which it is running

  .   ____          _            __ _ _
 /\\ / ___'_ __ _ _(_)_ __  __ _ \ \ \ \
( ( )\___ | '_ | '_| | '_ \/ _` | \ \ \ \
 \\/  ___)| |_)| | | | | || (_| |  ) ) ) )
  '  |____| .__|_| |_|_| |_\__, | / / / /
 =========|_|==============|___/=/_/_/_/

 :: Spring Boot ::                (v3.4.3)

2026-04-20 17:57:53 [main] INFO  DhoIntegrationTest - Starting DhoIntegrationTest using Java 21.0.10 with PID 29842 (started by israelbarcelos in /home/israelbarcelos/.cline/worktrees/2aa9a/dev_SpringBoot_APIGateway)
2026-04-20 17:57:53 [main] INFO  DhoIntegrationTest - The following 1 profile is active: "test"
